{  
   "bank_country_code":"[AD, AE, AG, AI, AL, AM, AN, AO, AR, AT, AU, AW, AZ, BA, BD, BE, BG, BH, BO, BR, BZ, CA, CH, CL, CN, CO, CR, CW, CY, CZ, DE, DK, DM, DO, DZ, EC, EE, EG, ES, FI, FJ, FR, GB, GD, GE, GG, GI, GQ, GR, GT, GY, HK, HN, HR, HU, ID, IE, IL, IM, IN, IS, IT, JE, JM, JO, JP, KE, KG, KH, KR, KZ, KW, LI, LK, LT, LU, LV, MA, MC, MD, ME, MK, MO, MQ, MT, MU, MV, MX, MY, NA, NG, NL, NO, NP, NZ, OM, PA, PE, PF, PH, PK, PL, PM, PR, PT, PY, QA, RO, RS, RU, SA, SC, SE, SG, SI, SK, SM, SV, TH, TJ, TN, TR, TZ, TW, UA, UG, US, UY, UZ, VN, VU, YT, ZA, ZM]",
   "account_currency":["AUD","CAD","CNY","EUR","GBP","HKD","IDR","INR","JPY","MYR","NZD","PHP","SGD","THB","USD",
"VND","CHF","KRW","BDT","LKR","TRY","PKR","NPR","DKK","NOK","SEK","CZK","HUF","HRK","RON","PLN","MXN","ZAR","ILS"],
   "account_name":
   {
	  "minchar":"2",
	  "maxchar":"10"
   },
   "country":[
     {
	   "US":
	   {
	     "bank_country_code": "US",
		 "account_number": 
			{
			  "minchar":"1",
			  "maxchar":"17"
			},
		 "account_routing_type1":"aba",
		 "account_routing_value1_char":"9"
		 
	   },
	   "AU":
	   {
	     "bank_country_code": "AU",
		 "account_number": 
			{
			  "minchar":"6",
			  "maxchar":"9"
			},
		 "account_routing_type1":"bsb",
		 "account_routing_value1_char":"6"
	   },
	   "CN":
	   {
	     "bank_country_code": "CN",
		 "account_number": 
			{
			  "minchar":"8",
			  "maxchar":"20"
			},
		 "account_routing_type1":"not specified in requirement specification",
		 "account_routing_value1":"not specified in requirement specification"
	   }
	 
	 
	 }
	 
   ],
   "payment_methods": ["SWIFT","LOCAL"],
   "local_clearing_system":["ACH","Fedwire"]
}
